CFG: melt=0.005 premium=0.75 gamma=1.3 starv=1.6 decay=0.9 cart=20.0 footprint=True
/home/acbraith/projects/rl_game_min/.venv/lib/python3.10/site-packages/sklearn/gaussian_process/kernels.py:450: ConvergenceWarning: The optimal value found for dimension 1 of parameter k1__k2__length_scale is close to the specified upper bound 50.0. Increasing the bound and calling fit again may find a better value.
  warnings.warn(
/home/acbraith/projects/rl_game_min/.venv/lib/python3.10/site-packages/sklearn/gaussian_process/kernels.py:450: ConvergenceWarning: The optimal value found for dimension 2 of parameter k1__k2__length_scale is close to the specified upper bound 50.0. Increasing the bound and calling fit again may find a better value.
  warnings.warn(
/home/acbraith/projects/rl_game_min/.venv/lib/python3.10/site-packages/sklearn/gaussian_process/kernels.py:450: ConvergenceWarning: The optimal value found for dimension 4 of parameter k1__k2__length_scale is close to the specified upper bound 50.0. Increasing the bound and calling fit again may find a better value.
  warnings.warn(
/home/acbraith/projects/rl_game_min/.venv/lib/python3.10/site-packages/sklearn/gaussian_process/kernels.py:450: ConvergenceWarning: The optimal value found for dimension 5 of parameter k1__k2__length_scale is close to the specified upper bound 50.0. Increasing the bound and calling fit again may find a better value.
  warnings.warn(
/home/acbraith/projects/rl_game_min/.venv/lib/python3.10/site-packages/sklearn/gaussian_process/kernels.py:440: ConvergenceWarning: The optimal value found for dimension 0 of parameter k2__noise_level is close to the specified lower bound 1e-08. Decreasing the bound and calling fit again may find a better value.
  warnings.warn(
/home/acbraith/projects/rl_game_min/.venv/lib/python3.10/site-packages/sklearn/gaussian_process/kernels.py:450: ConvergenceWarning: The optimal value found for dimension 1 of parameter k1__k2__length_scale is close to the specified upper bound 50.0. Increasing the bound and calling fit again may find a better value.
  warnings.warn(
/home/acbraith/projects/rl_game_min/.venv/lib/python3.10/site-packages/sklearn/gaussian_process/kernels.py:450: ConvergenceWarning: The optimal value found for dimension 2 of parameter k1__k2__length_scale is close to the specified upper bound 50.0. Increasing the bound and calling fit again may find a better value.
  warnings.warn(
/home/acbraith/projects/rl_game_min/.venv/lib/python3.10/site-packages/sklearn/gaussian_process/kernels.py:450: ConvergenceWarning: The optimal value found for dimension 4 of parameter k1__k2__length_scale is close to the specified upper bound 50.0. Increasing the bound and calling fit again may find a better value.
  warnings.warn(
/home/acbraith/projects/rl_game_min/.venv/lib/python3.10/site-packages/sklearn/gaussian_process/kernels.py:450: ConvergenceWarning: The optimal value found for dimension 5 of parameter k1__k2__length_scale is close to the specified upper bound 50.0. Increasing the bound and calling fit again may find a better value.
  warnings.warn(
/home/acbraith/projects/rl_game_min/.venv/lib/python3.10/site-packages/sklearn/gaussian_process/kernels.py:450: ConvergenceWarning: The optimal value found for dimension 7 of parameter k1__k2__length_scale is close to the specified upper bound 50.0. Increasing the bound and calling fit again may find a better value.
  warnings.warn(
/home/acbraith/projects/rl_game_min/.venv/lib/python3.10/site-packages/sklearn/gaussian_process/kernels.py:440: ConvergenceWarning: The optimal value found for dimension 0 of parameter k2__noise_level is close to the specified lower bound 1e-08. Decreasing the bound and calling fit again may find a better value.
  warnings.warn(
iter 42: best=+1.3472 N=505 s0=9.88 dt=0.10s
/home/acbraith/projects/rl_game_min/.venv/lib/python3.10/site-packages/sklearn/gaussian_process/kernels.py:450: ConvergenceWarning: The optimal value found for dimension 1 of parameter k1__k2__length_scale is close to the specified upper bound 50.0. Increasing the bound and calling fit again may find a better value.
  warnings.warn(
/home/acbraith/projects/rl_game_min/.venv/lib/python3.10/site-packages/sklearn/gaussian_process/kernels.py:450: ConvergenceWarning: The optimal value found for dimension 2 of parameter k1__k2__length_scale is close to the specified upper bound 50.0. Increasing the bound and calling fit again may find a better value.
  warnings.warn(
/home/acbraith/projects/rl_game_min/.venv/lib/python3.10/site-packages/sklearn/gaussian_process/kernels.py:450: ConvergenceWarning: The optimal value found for dimension 3 of parameter k1__k2__length_scale is close to the specified upper bound 50.0. Increasing the bound and calling fit again may find a better value.
  warnings.warn(
/home/acbraith/projects/rl_game_min/.venv/lib/python3.10/site-packages/sklearn/gaussian_process/kernels.py:450: ConvergenceWarning: The optimal value found for dimension 6 of parameter k1__k2__length_scale is close to the specified upper bound 50.0. Increasing the bound and calling fit again may find a better value.
  warnings.warn(
/home/acbraith/projects/rl_game_min/.venv/lib/python3.10/site-packages/sklearn/gaussian_process/kernels.py:440: ConvergenceWarning: The optimal value found for dimension 0 of parameter k2__noise_level is close to the specified lower bound 1e-08. Decreasing the bound and calling fit again may find a better value.
  warnings.warn(
iter 52: best=+1.3472 N=3979 s0=3.38 dt=2.57s
/home/acbraith/projects/rl_game_min/.venv/lib/python3.10/site-packages/sklearn/gaussian_process/kernels.py:450: ConvergenceWarning: The optimal value found for dimension 2 of parameter k1__k2__length_scale is close to the specified upper bound 50.0. Increasing the bound and calling fit again may find a better value.
  warnings.warn(
/home/acbraith/projects/rl_game_min/.venv/lib/python3.10/site-packages/sklearn/gaussian_process/kernels.py:450: ConvergenceWarning: The optimal value found for dimension 3 of parameter k1__k2__length_scale is close to the specified upper bound 50.0. Increasing the bound and calling fit again may find a better value.
  warnings.warn(
/home/acbraith/projects/rl_game_min/.venv/lib/python3.10/site-packages/sklearn/gaussian_process/kernels.py:450: ConvergenceWarning: The optimal value found for dimension 6 of parameter k1__k2__length_scale is close to the specified upper bound 50.0. Increasing the bound and calling fit again may find a better value.
  warnings.warn(
/home/acbraith/projects/rl_game_min/.venv/lib/python3.10/site-packages/sklearn/gaussian_process/kernels.py:440: ConvergenceWarning: The optimal value found for dimension 0 of parameter k2__noise_level is close to the specified lower bound 1e-08. Decreasing the bound and calling fit again may find a better value.
  warnings.warn(
iter 62: best=+1.3472 N=6858 s0=2.57 dt=7.30s
/home/acbraith/projects/rl_game_min/.venv/lib/python3.10/site-packages/sklearn/gaussian_process/kernels.py:450: ConvergenceWarning: The optimal value found for dimension 2 of parameter k1__k2__length_scale is close to the specified upper bound 50.0. Increasing the bound and calling fit again may find a better value.
  warnings.warn(
/home/acbraith/projects/rl_game_min/.venv/lib/python3.10/site-packages/sklearn/gaussian_process/kernels.py:450: ConvergenceWarning: The optimal value found for dimension 3 of parameter k1__k2__length_scale is close to the specified upper bound 50.0. Increasing the bound and calling fit again may find a better value.
  warnings.warn(
/home/acbraith/projects/rl_game_min/.venv/lib/python3.10/site-packages/sklearn/gaussian_process/kernels.py:450: ConvergenceWarning: The optimal value found for dimension 6 of parameter k1__k2__length_scale is close to the specified upper bound 50.0. Increasing the bound and calling fit again may find a better value.
  warnings.warn(
/home/acbraith/projects/rl_game_min/.venv/lib/python3.10/site-packages/sklearn/gaussian_process/kernels.py:450: ConvergenceWarning: The optimal value found for dimension 7 of parameter k1__k2__length_scale is close to the specified upper bound 50.0. Increasing the bound and calling fit again may find a better value.
  warnings.warn(
/home/acbraith/projects/rl_game_min/.venv/lib/python3.10/site-packages/sklearn/gaussian_process/kernels.py:440: ConvergenceWarning: The optimal value found for dimension 0 of parameter k2__noise_level is close to the specified lower bound 1e-08. Decreasing the bound and calling fit again may find a better value.
  warnings.warn(
iter 72: best=+1.3541 N=7469 s0=2.55 dt=2.18s
/home/acbraith/projects/rl_game_min/.venv/lib/python3.10/site-packages/sklearn/gaussian_process/kernels.py:450: ConvergenceWarning: The optimal value found for dimension 2 of parameter k1__k2__length_scale is close to the specified upper bound 50.0. Increasing the bound and calling fit again may find a better value.
  warnings.warn(
/home/acbraith/projects/rl_game_min/.venv/lib/python3.10/site-packages/sklearn/gaussian_process/kernels.py:450: ConvergenceWarning: The optimal value found for dimension 3 of parameter k1__k2__length_scale is close to the specified upper bound 50.0. Increasing the bound and calling fit again may find a better value.
  warnings.warn(
/home/acbraith/projects/rl_game_min/.venv/lib/python3.10/site-packages/sklearn/gaussian_process/kernels.py:450: ConvergenceWarning: The optimal value found for dimension 7 of parameter k1__k2__length_scale is close to the specified upper bound 50.0. Increasing the bound and calling fit again may find a better value.
  warnings.warn(
/home/acbraith/projects/rl_game_min/.venv/lib/python3.10/site-packages/sklearn/gaussian_process/kernels.py:440: ConvergenceWarning: The optimal value found for dimension 0 of parameter k2__noise_level is close to the specified lower bound 1e-08. Decreasing the bound and calling fit again may find a better value.
  warnings.warn(
iter 82: best=+1.3541 N=1235 s0=6.41 dt=0.62s
/home/acbraith/projects/rl_game_min/.venv/lib/python3.10/site-packages/sklearn/gaussian_process/kernels.py:450: ConvergenceWarning: The optimal value found for dimension 1 of parameter k1__k2__length_scale is close to the specified upper bound 50.0. Increasing the bound and calling fit again may find a better value.
  warnings.warn(
/home/acbraith/projects/rl_game_min/.venv/lib/python3.10/site-packages/sklearn/gaussian_process/kernels.py:450: ConvergenceWarning: The optimal value found for dimension 2 of parameter k1__k2__length_scale is close to the specified upper bound 50.0. Increasing the bound and calling fit again may find a better value.
  warnings.warn(
/home/acbraith/projects/rl_game_min/.venv/lib/python3.10/site-packages/sklearn/gaussian_process/kernels.py:450: ConvergenceWarning: The optimal value found for dimension 3 of parameter k1__k2__length_scale is close to the specified upper bound 50.0. Increasing the bound and calling fit again may find a better value.
  warnings.warn(
/home/acbraith/projects/rl_game_min/.venv/lib/python3.10/site-packages/sklearn/gaussian_process/kernels.py:440: ConvergenceWarning: The optimal value found for dimension 0 of parameter k2__noise_level is close to the specified lower bound 1e-08. Decreasing the bound and calling fit again may find a better value.
  warnings.warn(
iter 92: best=+1.3541 N=1769 s0=5.02 dt=0.93s
done: 96 evals, best=+1.3541
