CFG: melt=0.005 premium=0.75 gamma=1.3 starv=1.6 decay=0.9 cart=20.0 footprint=True
/home/acbraith/projects/rl_game_min/.venv/lib/python3.10/site-packages/sklearn/gaussian_process/kernels.py:450: ConvergenceWarning: The optimal value found for dimension 0 of parameter k1__k2__length_scale is close to the specified upper bound 50.0. Increasing the bound and calling fit again may find a better value.
  warnings.warn(
/home/acbraith/projects/rl_game_min/.venv/lib/python3.10/site-packages/sklearn/gaussian_process/kernels.py:450: ConvergenceWarning: The optimal value found for dimension 2 of parameter k1__k2__length_scale is close to the specified upper bound 50.0. Increasing the bound and calling fit again may find a better value.
  warnings.warn(
/home/acbraith/projects/rl_game_min/.venv/lib/python3.10/site-packages/sklearn/gaussian_process/kernels.py:450: ConvergenceWarning: The optimal value found for dimension 3 of parameter k1__k2__length_scale is close to the specified upper bound 50.0. Increasing the bound and calling fit again may find a better value.
  warnings.warn(
/home/acbraith/projects/rl_game_min/.venv/lib/python3.10/site-packages/sklearn/gaussian_process/kernels.py:450: ConvergenceWarning: The optimal value found for dimension 4 of parameter k1__k2__length_scale is close to the specified upper bound 50.0. Increasing the bound and calling fit again may find a better value.
  warnings.warn(
/home/acbraith/projects/rl_game_min/.venv/lib/python3.10/site-packages/sklearn/gaussian_process/kernels.py:450: ConvergenceWarning: The optimal value found for dimension 6 of parameter k1__k2__length_scale is close to the specified upper bound 50.0. Increasing the bound and calling fit again may find a better value.
  warnings.warn(
/home/acbraith/projects/rl_game_min/.venv/lib/python3.10/site-packages/sklearn/gaussian_process/kernels.py:450: ConvergenceWarning: The optimal value found for dimension 7 of parameter k1__k2__length_scale is close to the specified upper bound 50.0. Increasing the bound and calling fit again may find a better value.
  warnings.warn(
/home/acbraith/projects/rl_game_min/.venv/lib/python3.10/site-packages/sklearn/gaussian_process/kernels.py:440: ConvergenceWarning: The optimal value found for dimension 0 of parameter k2__noise_level is close to the specified lower bound 1e-08. Decreasing the bound and calling fit again may find a better value.
  warnings.warn(
/home/acbraith/projects/rl_game_min/.venv/lib/python3.10/site-packages/sklearn/gaussian_process/kernels.py:450: ConvergenceWarning: The optimal value found for dimension 2 of parameter k1__k2__length_scale is close to the specified upper bound 50.0. Increasing the bound and calling fit again may find a better value.
  warnings.warn(
/home/acbraith/projects/rl_game_min/.venv/lib/python3.10/site-packages/sklearn/gaussian_process/kernels.py:450: ConvergenceWarning: The optimal value found for dimension 3 of parameter k1__k2__length_scale is close to the specified upper bound 50.0. Increasing the bound and calling fit again may find a better value.
  warnings.warn(
/home/acbraith/projects/rl_game_min/.venv/lib/python3.10/site-packages/sklearn/gaussian_process/kernels.py:450: ConvergenceWarning: The optimal value found for dimension 4 of parameter k1__k2__length_scale is close to the specified upper bound 50.0. Increasing the bound and calling fit again may find a better value.
  warnings.warn(
/home/acbraith/projects/rl_game_min/.venv/lib/python3.10/site-packages/sklearn/gaussian_process/kernels.py:450: ConvergenceWarning: The optimal value found for dimension 6 of parameter k1__k2__length_scale is close to the specified upper bound 50.0. Increasing the bound and calling fit again may find a better value.
  warnings.warn(
/home/acbraith/projects/rl_game_min/.venv/lib/python3.10/site-packages/sklearn/gaussian_process/kernels.py:450: ConvergenceWarning: The optimal value found for dimension 7 of parameter k1__k2__length_scale is close to the specified upper bound 50.0. Increasing the bound and calling fit again may find a better value.
  warnings.warn(
/home/acbraith/projects/rl_game_min/.venv/lib/python3.10/site-packages/sklearn/gaussian_process/kernels.py:440: ConvergenceWarning: The optimal value found for dimension 0 of parameter k2__noise_level is close to the specified lower bound 1e-08. Decreasing the bound and calling fit again may find a better value.
  warnings.warn(
iter 42: best=+1.3920 N=797 s0=7.58 dt=0.10s
/home/acbraith/projects/rl_game_min/.venv/lib/python3.10/site-packages/sklearn/gaussian_process/kernels.py:450: ConvergenceWarning: The optimal value found for dimension 1 of parameter k1__k2__length_scale is close to the specified upper bound 50.0. Increasing the bound and calling fit again may find a better value.
  warnings.warn(
/home/acbraith/projects/rl_game_min/.venv/lib/python3.10/site-packages/sklearn/gaussian_process/kernels.py:450: ConvergenceWarning: The optimal value found for dimension 2 of parameter k1__k2__length_scale is close to the specified upper bound 50.0. Increasing the bound and calling fit again may find a better value.
  warnings.warn(
/home/acbraith/projects/rl_game_min/.venv/lib/python3.10/site-packages/sklearn/gaussian_process/kernels.py:450: ConvergenceWarning: The optimal value found for dimension 3 of parameter k1__k2__length_scale is close to the specified upper bound 50.0. Increasing the bound and calling fit again may find a better value.
  warnings.warn(
/home/acbraith/projects/rl_game_min/.venv/lib/python3.10/site-packages/sklearn/gaussian_process/kernels.py:450: ConvergenceWarning: The optimal value found for dimension 4 of parameter k1__k2__length_scale is close to the specified upper bound 50.0. Increasing the bound and calling fit again may find a better value.
  warnings.warn(
/home/acbraith/projects/rl_game_min/.venv/lib/python3.10/site-packages/sklearn/gaussian_process/kernels.py:450: ConvergenceWarning: The optimal value found for dimension 5 of parameter k1__k2__length_scale is close to the specified upper bound 50.0. Increasing the bound and calling fit again may find a better value.
  warnings.warn(
/home/acbraith/projects/rl_game_min/.venv/lib/python3.10/site-packages/sklearn/gaussian_process/kernels.py:450: ConvergenceWarning: The optimal value found for dimension 7 of parameter k1__k2__length_scale is close to the specified upper bound 50.0. Increasing the bound and calling fit again may find a better value.
  warnings.warn(
/home/acbraith/projects/rl_game_min/.venv/lib/python3.10/site-packages/sklearn/gaussian_process/kernels.py:440: ConvergenceWarning: The optimal value found for dimension 0 of parameter k2__noise_level is close to the specified lower bound 1e-08. Decreasing the bound and calling fit again may find a better value.
  warnings.warn(
iter 52: best=+1.3920 N=3203 s0=3.61 dt=4.06s
/home/acbraith/projects/rl_game_min/.venv/lib/python3.10/site-packages/sklearn/gaussian_process/kernels.py:450: ConvergenceWarning: The optimal value found for dimension 1 of parameter k1__k2__length_scale is close to the specified upper bound 50.0. Increasing the bound and calling fit again may find a better value.
  warnings.warn(
/home/acbraith/projects/rl_game_min/.venv/lib/python3.10/site-packages/sklearn/gaussian_process/kernels.py:450: ConvergenceWarning: The optimal value found for dimension 2 of parameter k1__k2__length_scale is close to the specified upper bound 50.0. Increasing the bound and calling fit again may find a better value.
  warnings.warn(
/home/acbraith/projects/rl_game_min/.venv/lib/python3.10/site-packages/sklearn/gaussian_process/kernels.py:450: ConvergenceWarning: The optimal value found for dimension 3 of parameter k1__k2__length_scale is close to the specified upper bound 50.0. Increasing the bound and calling fit again may find a better value.
  warnings.warn(
/home/acbraith/projects/rl_game_min/.venv/lib/python3.10/site-packages/sklearn/gaussian_process/kernels.py:450: ConvergenceWarning: The optimal value found for dimension 4 of parameter k1__k2__length_scale is close to the specified upper bound 50.0. Increasing the bound and calling fit again may find a better value.
  warnings.warn(
/home/acbraith/projects/rl_game_min/.venv/lib/python3.10/site-packages/sklearn/gaussian_process/kernels.py:450: ConvergenceWarning: The optimal value found for dimension 5 of parameter k1__k2__length_scale is close to the specified upper bound 50.0. Increasing the bound and calling fit again may find a better value.
  warnings.warn(
/home/acbraith/projects/rl_game_min/.venv/lib/python3.10/site-packages/sklearn/gaussian_process/kernels.py:450: ConvergenceWarning: The optimal value found for dimension 7 of parameter k1__k2__length_scale is close to the specified upper bound 50.0. Increasing the bound and calling fit again may find a better value.
  warnings.warn(
/home/acbraith/projects/rl_game_min/.venv/lib/python3.10/site-packages/sklearn/gaussian_process/kernels.py:440: ConvergenceWarning: The optimal value found for dimension 0 of parameter k2__noise_level is close to the specified lower bound 1e-08. Decreasing the bound and calling fit again may find a better value.
  warnings.warn(
iter 62: best=+1.3920 N=566 s0=9.34 dt=0.39s
/home/acbraith/projects/rl_game_min/.venv/lib/python3.10/site-packages/sklearn/gaussian_process/kernels.py:450: ConvergenceWarning: The optimal value found for dimension 0 of parameter k1__k2__length_scale is close to the specified upper bound 50.0. Increasing the bound and calling fit again may find a better value.
  warnings.warn(
/home/acbraith/projects/rl_game_min/.venv/lib/python3.10/site-packages/sklearn/gaussian_process/kernels.py:450: ConvergenceWarning: The optimal value found for dimension 3 of parameter k1__k2__length_scale is close to the specified upper bound 50.0. Increasing the bound and calling fit again may find a better value.
  warnings.warn(
/home/acbraith/projects/rl_game_min/.venv/lib/python3.10/site-packages/sklearn/gaussian_process/kernels.py:450: ConvergenceWarning: The optimal value found for dimension 6 of parameter k1__k2__length_scale is close to the specified upper bound 50.0. Increasing the bound and calling fit again may find a better value.
  warnings.warn(
/home/acbraith/projects/rl_game_min/.venv/lib/python3.10/site-packages/sklearn/gaussian_process/kernels.py:450: ConvergenceWarning: The optimal value found for dimension 7 of parameter k1__k2__length_scale is close to the specified upper bound 50.0. Increasing the bound and calling fit again may find a better value.
  warnings.warn(
/home/acbraith/projects/rl_game_min/.venv/lib/python3.10/site-packages/sklearn/gaussian_process/kernels.py:440: ConvergenceWarning: The optimal value found for dimension 0 of parameter k2__noise_level is close to the specified lower bound 1e-08. Decreasing the bound and calling fit again may find a better value.
  warnings.warn(
iter 72: best=+1.3920 N=3028 s0=3.91 dt=1.19s
/home/acbraith/projects/rl_game_min/.venv/lib/python3.10/site-packages/sklearn/gaussian_process/kernels.py:450: ConvergenceWarning: The optimal value found for dimension 0 of parameter k1__k2__length_scale is close to the specified upper bound 50.0. Increasing the bound and calling fit again may find a better value.
  warnings.warn(
/home/acbraith/projects/rl_game_min/.venv/lib/python3.10/site-packages/sklearn/gaussian_process/kernels.py:450: ConvergenceWarning: The optimal value found for dimension 3 of parameter k1__k2__length_scale is close to the specified upper bound 50.0. Increasing the bound and calling fit again may find a better value.
  warnings.warn(
/home/acbraith/projects/rl_game_min/.venv/lib/python3.10/site-packages/sklearn/gaussian_process/kernels.py:450: ConvergenceWarning: The optimal value found for dimension 5 of parameter k1__k2__length_scale is close to the specified upper bound 50.0. Increasing the bound and calling fit again may find a better value.
  warnings.warn(
/home/acbraith/projects/rl_game_min/.venv/lib/python3.10/site-packages/sklearn/gaussian_process/kernels.py:450: ConvergenceWarning: The optimal value found for dimension 7 of parameter k1__k2__length_scale is close to the specified upper bound 50.0. Increasing the bound and calling fit again may find a better value.
  warnings.warn(
/home/acbraith/projects/rl_game_min/.venv/lib/python3.10/site-packages/sklearn/gaussian_process/kernels.py:440: ConvergenceWarning: The optimal value found for dimension 0 of parameter k2__noise_level is close to the specified lower bound 1e-08. Decreasing the bound and calling fit again may find a better value.
  warnings.warn(
iter 82: best=+1.3920 N=3277 s0=3.84 dt=0.49s
/home/acbraith/projects/rl_game_min/.venv/lib/python3.10/site-packages/sklearn/gaussian_process/kernels.py:450: ConvergenceWarning: The optimal value found for dimension 3 of parameter k1__k2__length_scale is close to the specified upper bound 50.0. Increasing the bound and calling fit again may find a better value.
  warnings.warn(
/home/acbraith/projects/rl_game_min/.venv/lib/python3.10/site-packages/sklearn/gaussian_process/kernels.py:450: ConvergenceWarning: The optimal value found for dimension 5 of parameter k1__k2__length_scale is close to the specified upper bound 50.0. Increasing the bound and calling fit again may find a better value.
  warnings.warn(
/home/acbraith/projects/rl_game_min/.venv/lib/python3.10/site-packages/sklearn/gaussian_process/kernels.py:440: ConvergenceWarning: The optimal value found for dimension 0 of parameter k2__noise_level is close to the specified lower bound 1e-08. Decreasing the bound and calling fit again may find a better value.
  warnings.warn(
iter 92: best=+1.3920 N=715 s0=8.37 dt=0.18s
done: 96 evals, best=+1.3920
