CFG: melt=0.005 premium=0.75 gamma=1.3 starv=1.3 decay=0.9 cart=20.0 footprint=True
/home/acbraith/projects/rl_game_min/.venv/lib/python3.10/site-packages/sklearn/gaussian_process/kernels.py:450: ConvergenceWarning: The optimal value found for dimension 0 of parameter k1__k2__length_scale is close to the specified upper bound 50.0. Increasing the bound and calling fit again may find a better value.
  warnings.warn(
/home/acbraith/projects/rl_game_min/.venv/lib/python3.10/site-packages/sklearn/gaussian_process/kernels.py:450: ConvergenceWarning: The optimal value found for dimension 2 of parameter k1__k2__length_scale is close to the specified upper bound 50.0. Increasing the bound and calling fit again may find a better value.
  warnings.warn(
/home/acbraith/projects/rl_game_min/.venv/lib/python3.10/site-packages/sklearn/gaussian_process/kernels.py:450: ConvergenceWarning: The optimal value found for dimension 5 of parameter k1__k2__length_scale is close to the specified upper bound 50.0. Increasing the bound and calling fit again may find a better value.
  warnings.warn(
/home/acbraith/projects/rl_game_min/.venv/lib/python3.10/site-packages/sklearn/gaussian_process/kernels.py:440: ConvergenceWarning: The optimal value found for dimension 0 of parameter k2__noise_level is close to the specified lower bound 1e-08. Decreasing the bound and calling fit again may find a better value.
  warnings.warn(
/home/acbraith/projects/rl_game_min/.venv/lib/python3.10/site-packages/sklearn/gaussian_process/kernels.py:450: ConvergenceWarning: The optimal value found for dimension 0 of parameter k1__k2__length_scale is close to the specified upper bound 50.0. Increasing the bound and calling fit again may find a better value.
  warnings.warn(
/home/acbraith/projects/rl_game_min/.venv/lib/python3.10/site-packages/sklearn/gaussian_process/kernels.py:450: ConvergenceWarning: The optimal value found for dimension 1 of parameter k1__k2__length_scale is close to the specified upper bound 50.0. Increasing the bound and calling fit again may find a better value.
  warnings.warn(
/home/acbraith/projects/rl_game_min/.venv/lib/python3.10/site-packages/sklearn/gaussian_process/kernels.py:450: ConvergenceWarning: The optimal value found for dimension 2 of parameter k1__k2__length_scale is close to the specified upper bound 50.0. Increasing the bound and calling fit again may find a better value.
  warnings.warn(
/home/acbraith/projects/rl_game_min/.venv/lib/python3.10/site-packages/sklearn/gaussian_process/kernels.py:440: ConvergenceWarning: The optimal value found for dimension 0 of parameter k2__noise_level is close to the specified lower bound 1e-08. Decreasing the bound and calling fit again may find a better value.
  warnings.warn(
iter 42: best=+1.1386 N=1318 s0=6.05 dt=0.15s
/home/acbraith/projects/rl_game_min/.venv/lib/python3.10/site-packages/sklearn/gaussian_process/kernels.py:450: ConvergenceWarning: The optimal value found for dimension 1 of parameter k1__k2__length_scale is close to the specified upper bound 50.0. Increasing the bound and calling fit again may find a better value.
  warnings.warn(
/home/acbraith/projects/rl_game_min/.venv/lib/python3.10/site-packages/sklearn/gaussian_process/kernels.py:450: ConvergenceWarning: The optimal value found for dimension 2 of parameter k1__k2__length_scale is close to the specified upper bound 50.0. Increasing the bound and calling fit again may find a better value.
  warnings.warn(
/home/acbraith/projects/rl_game_min/.venv/lib/python3.10/site-packages/sklearn/gaussian_process/kernels.py:450: ConvergenceWarning: The optimal value found for dimension 5 of parameter k1__k2__length_scale is close to the specified upper bound 50.0. Increasing the bound and calling fit again may find a better value.
  warnings.warn(
/home/acbraith/projects/rl_game_min/.venv/lib/python3.10/site-packages/sklearn/gaussian_process/kernels.py:450: ConvergenceWarning: The optimal value found for dimension 7 of parameter k1__k2__length_scale is close to the specified upper bound 50.0. Increasing the bound and calling fit again may find a better value.
  warnings.warn(
/home/acbraith/projects/rl_game_min/.venv/lib/python3.10/site-packages/sklearn/gaussian_process/kernels.py:440: ConvergenceWarning: The optimal value found for dimension 0 of parameter k2__noise_level is close to the specified lower bound 1e-08. Decreasing the bound and calling fit again may find a better value.
  warnings.warn(
iter 52: best=+1.1386 N=7060 s0=2.59 dt=46.86s
/home/acbraith/projects/rl_game_min/.venv/lib/python3.10/site-packages/sklearn/gaussian_process/kernels.py:450: ConvergenceWarning: The optimal value found for dimension 2 of parameter k1__k2__length_scale is close to the specified upper bound 50.0. Increasing the bound and calling fit again may find a better value.
  warnings.warn(
/home/acbraith/projects/rl_game_min/.venv/lib/python3.10/site-packages/sklearn/gaussian_process/kernels.py:450: ConvergenceWarning: The optimal value found for dimension 5 of parameter k1__k2__length_scale is close to the specified upper bound 50.0. Increasing the bound and calling fit again may find a better value.
  warnings.warn(
/home/acbraith/projects/rl_game_min/.venv/lib/python3.10/site-packages/sklearn/gaussian_process/kernels.py:440: ConvergenceWarning: The optimal value found for dimension 0 of parameter k2__noise_level is close to the specified lower bound 1e-08. Decreasing the bound and calling fit again may find a better value.
  warnings.warn(
iter 62: best=+1.1386 N=654 s0=8.39 dt=0.36s
/home/acbraith/projects/rl_game_min/.venv/lib/python3.10/site-packages/sklearn/gaussian_process/kernels.py:450: ConvergenceWarning: The optimal value found for dimension 0 of parameter k1__k2__length_scale is close to the specified upper bound 50.0. Increasing the bound and calling fit again may find a better value.
  warnings.warn(
/home/acbraith/projects/rl_game_min/.venv/lib/python3.10/site-packages/sklearn/gaussian_process/kernels.py:450: ConvergenceWarning: The optimal value found for dimension 1 of parameter k1__k2__length_scale is close to the specified upper bound 50.0. Increasing the bound and calling fit again may find a better value.
  warnings.warn(
/home/acbraith/projects/rl_game_min/.venv/lib/python3.10/site-packages/sklearn/gaussian_process/kernels.py:450: ConvergenceWarning: The optimal value found for dimension 2 of parameter k1__k2__length_scale is close to the specified upper bound 50.0. Increasing the bound and calling fit again may find a better value.
  warnings.warn(
/home/acbraith/projects/rl_game_min/.venv/lib/python3.10/site-packages/sklearn/gaussian_process/kernels.py:450: ConvergenceWarning: The optimal value found for dimension 5 of parameter k1__k2__length_scale is close to the specified upper bound 50.0. Increasing the bound and calling fit again may find a better value.
  warnings.warn(
/home/acbraith/projects/rl_game_min/.venv/lib/python3.10/site-packages/sklearn/gaussian_process/kernels.py:440: ConvergenceWarning: The optimal value found for dimension 0 of parameter k2__noise_level is close to the specified lower bound 1e-08. Decreasing the bound and calling fit again may find a better value.
  warnings.warn(
iter 72: best=+1.1386 N=3083 s0=3.65 dt=3.33s
/home/acbraith/projects/rl_game_min/.venv/lib/python3.10/site-packages/sklearn/gaussian_process/kernels.py:450: ConvergenceWarning: The optimal value found for dimension 0 of parameter k1__k2__length_scale is close to the specified upper bound 50.0. Increasing the bound and calling fit again may find a better value.
  warnings.warn(
/home/acbraith/projects/rl_game_min/.venv/lib/python3.10/site-packages/sklearn/gaussian_process/kernels.py:450: ConvergenceWarning: The optimal value found for dimension 2 of parameter k1__k2__length_scale is close to the specified upper bound 50.0. Increasing the bound and calling fit again may find a better value.
  warnings.warn(
/home/acbraith/projects/rl_game_min/.venv/lib/python3.10/site-packages/sklearn/gaussian_process/kernels.py:440: ConvergenceWarning: The optimal value found for dimension 0 of parameter k2__noise_level is close to the specified lower bound 1e-08. Decreasing the bound and calling fit again may find a better value.
  warnings.warn(
iter 82: best=+1.1568 N=2206 s0=4.72 dt=0.19s
/home/acbraith/projects/rl_game_min/.venv/lib/python3.10/site-packages/sklearn/gaussian_process/kernels.py:450: ConvergenceWarning: The optimal value found for dimension 0 of parameter k1__k2__length_scale is close to the specified upper bound 50.0. Increasing the bound and calling fit again may find a better value.
  warnings.warn(
/home/acbraith/projects/rl_game_min/.venv/lib/python3.10/site-packages/sklearn/gaussian_process/kernels.py:450: ConvergenceWarning: The optimal value found for dimension 2 of parameter k1__k2__length_scale is close to the specified upper bound 50.0. Increasing the bound and calling fit again may find a better value.
  warnings.warn(
/home/acbraith/projects/rl_game_min/.venv/lib/python3.10/site-packages/sklearn/gaussian_process/kernels.py:450: ConvergenceWarning: The optimal value found for dimension 3 of parameter k1__k2__length_scale is close to the specified upper bound 50.0. Increasing the bound and calling fit again may find a better value.
  warnings.warn(
/home/acbraith/projects/rl_game_min/.venv/lib/python3.10/site-packages/sklearn/gaussian_process/kernels.py:450: ConvergenceWarning: The optimal value found for dimension 6 of parameter k1__k2__length_scale is close to the specified upper bound 50.0. Increasing the bound and calling fit again may find a better value.
  warnings.warn(
/home/acbraith/projects/rl_game_min/.venv/lib/python3.10/site-packages/sklearn/gaussian_process/kernels.py:450: ConvergenceWarning: The optimal value found for dimension 7 of parameter k1__k2__length_scale is close to the specified upper bound 50.0. Increasing the bound and calling fit again may find a better value.
  warnings.warn(
/home/acbraith/projects/rl_game_min/.venv/lib/python3.10/site-packages/sklearn/gaussian_process/kernels.py:440: ConvergenceWarning: The optimal value found for dimension 0 of parameter k2__noise_level is close to the specified lower bound 1e-08. Decreasing the bound and calling fit again may find a better value.
  warnings.warn(
iter 92: best=+1.1568 N=5061 s0=2.99 dt=4.48s
done: 96 evals, best=+1.1568
