CFG: melt=0.005 premium=0.75 gamma=1.3 starv=1.3 decay=0.9 cart=20.0 footprint=True
/home/acbraith/projects/rl_game_min/.venv/lib/python3.10/site-packages/sklearn/gaussian_process/kernels.py:450: ConvergenceWarning: The optimal value found for dimension 1 of parameter k1__k2__length_scale is close to the specified upper bound 50.0. Increasing the bound and calling fit again may find a better value.
  warnings.warn(
/home/acbraith/projects/rl_game_min/.venv/lib/python3.10/site-packages/sklearn/gaussian_process/kernels.py:450: ConvergenceWarning: The optimal value found for dimension 2 of parameter k1__k2__length_scale is close to the specified upper bound 50.0. Increasing the bound and calling fit again may find a better value.
  warnings.warn(
/home/acbraith/projects/rl_game_min/.venv/lib/python3.10/site-packages/sklearn/gaussian_process/kernels.py:450: ConvergenceWarning: The optimal value found for dimension 3 of parameter k1__k2__length_scale is close to the specified upper bound 50.0. Increasing the bound and calling fit again may find a better value.
  warnings.warn(
/home/acbraith/projects/rl_game_min/.venv/lib/python3.10/site-packages/sklearn/gaussian_process/kernels.py:440: ConvergenceWarning: The optimal value found for dimension 0 of parameter k2__noise_level is close to the specified lower bound 1e-08. Decreasing the bound and calling fit again may find a better value.
  warnings.warn(
/home/acbraith/projects/rl_game_min/.venv/lib/python3.10/site-packages/sklearn/gaussian_process/kernels.py:450: ConvergenceWarning: The optimal value found for dimension 1 of parameter k1__k2__length_scale is close to the specified upper bound 50.0. Increasing the bound and calling fit again may find a better value.
  warnings.warn(
/home/acbraith/projects/rl_game_min/.venv/lib/python3.10/site-packages/sklearn/gaussian_process/kernels.py:450: ConvergenceWarning: The optimal value found for dimension 2 of parameter k1__k2__length_scale is close to the specified upper bound 50.0. Increasing the bound and calling fit again may find a better value.
  warnings.warn(
/home/acbraith/projects/rl_game_min/.venv/lib/python3.10/site-packages/sklearn/gaussian_process/kernels.py:450: ConvergenceWarning: The optimal value found for dimension 3 of parameter k1__k2__length_scale is close to the specified upper bound 50.0. Increasing the bound and calling fit again may find a better value.
  warnings.warn(
/home/acbraith/projects/rl_game_min/.venv/lib/python3.10/site-packages/sklearn/gaussian_process/kernels.py:450: ConvergenceWarning: The optimal value found for dimension 4 of parameter k1__k2__length_scale is close to the specified upper bound 50.0. Increasing the bound and calling fit again may find a better value.
  warnings.warn(
/home/acbraith/projects/rl_game_min/.venv/lib/python3.10/site-packages/sklearn/gaussian_process/kernels.py:450: ConvergenceWarning: The optimal value found for dimension 5 of parameter k1__k2__length_scale is close to the specified upper bound 50.0. Increasing the bound and calling fit again may find a better value.
  warnings.warn(
/home/acbraith/projects/rl_game_min/.venv/lib/python3.10/site-packages/sklearn/gaussian_process/kernels.py:440: ConvergenceWarning: The optimal value found for dimension 0 of parameter k2__noise_level is close to the specified lower bound 1e-08. Decreasing the bound and calling fit again may find a better value.
  warnings.warn(
iter 42: best=+1.1109 N=5410 s0=3.04 dt=23.56s
/home/acbraith/projects/rl_game_min/.venv/lib/python3.10/site-packages/sklearn/gaussian_process/_gpr.py:663: ConvergenceWarning: lbfgs failed to converge after 50 iteration(s) (status=2):
ABNORMAL: 

You might also want to scale the data as shown in:
    https://scikit-learn.org/stable/modules/preprocessing.html
  _check_optimize_result("lbfgs", opt_res)
/home/acbraith/projects/rl_game_min/.venv/lib/python3.10/site-packages/sklearn/gaussian_process/kernels.py:450: ConvergenceWarning: The optimal value found for dimension 1 of parameter k1__k2__length_scale is close to the specified upper bound 50.0. Increasing the bound and calling fit again may find a better value.
  warnings.warn(
/home/acbraith/projects/rl_game_min/.venv/lib/python3.10/site-packages/sklearn/gaussian_process/kernels.py:450: ConvergenceWarning: The optimal value found for dimension 2 of parameter k1__k2__length_scale is close to the specified upper bound 50.0. Increasing the bound and calling fit again may find a better value.
  warnings.warn(
/home/acbraith/projects/rl_game_min/.venv/lib/python3.10/site-packages/sklearn/gaussian_process/kernels.py:450: ConvergenceWarning: The optimal value found for dimension 3 of parameter k1__k2__length_scale is close to the specified upper bound 50.0. Increasing the bound and calling fit again may find a better value.
  warnings.warn(
/home/acbraith/projects/rl_game_min/.venv/lib/python3.10/site-packages/sklearn/gaussian_process/kernels.py:440: ConvergenceWarning: The optimal value found for dimension 0 of parameter k2__noise_level is close to the specified lower bound 1e-08. Decreasing the bound and calling fit again may find a better value.
  warnings.warn(
iter 52: best=+1.1109 N=6883 s0=2.69 dt=0.54s
/home/acbraith/projects/rl_game_min/.venv/lib/python3.10/site-packages/sklearn/gaussian_process/kernels.py:450: ConvergenceWarning: The optimal value found for dimension 1 of parameter k1__k2__length_scale is close to the specified upper bound 50.0. Increasing the bound and calling fit again may find a better value.
  warnings.warn(
/home/acbraith/projects/rl_game_min/.venv/lib/python3.10/site-packages/sklearn/gaussian_process/kernels.py:450: ConvergenceWarning: The optimal value found for dimension 2 of parameter k1__k2__length_scale is close to the specified upper bound 50.0. Increasing the bound and calling fit again may find a better value.
  warnings.warn(
/home/acbraith/projects/rl_game_min/.venv/lib/python3.10/site-packages/sklearn/gaussian_process/kernels.py:450: ConvergenceWarning: The optimal value found for dimension 3 of parameter k1__k2__length_scale is close to the specified upper bound 50.0. Increasing the bound and calling fit again may find a better value.
  warnings.warn(
/home/acbraith/projects/rl_game_min/.venv/lib/python3.10/site-packages/sklearn/gaussian_process/kernels.py:440: ConvergenceWarning: The optimal value found for dimension 0 of parameter k2__noise_level is close to the specified lower bound 1e-08. Decreasing the bound and calling fit again may find a better value.
  warnings.warn(
iter 62: best=+1.1384 N=3329 s0=3.88 dt=2.50s
/home/acbraith/projects/rl_game_min/.venv/lib/python3.10/site-packages/sklearn/gaussian_process/kernels.py:450: ConvergenceWarning: The optimal value found for dimension 1 of parameter k1__k2__length_scale is close to the specified upper bound 50.0. Increasing the bound and calling fit again may find a better value.
  warnings.warn(
/home/acbraith/projects/rl_game_min/.venv/lib/python3.10/site-packages/sklearn/gaussian_process/kernels.py:450: ConvergenceWarning: The optimal value found for dimension 2 of parameter k1__k2__length_scale is close to the specified upper bound 50.0. Increasing the bound and calling fit again may find a better value.
  warnings.warn(
/home/acbraith/projects/rl_game_min/.venv/lib/python3.10/site-packages/sklearn/gaussian_process/kernels.py:450: ConvergenceWarning: The optimal value found for dimension 3 of parameter k1__k2__length_scale is close to the specified upper bound 50.0. Increasing the bound and calling fit again may find a better value.
  warnings.warn(
/home/acbraith/projects/rl_game_min/.venv/lib/python3.10/site-packages/sklearn/gaussian_process/kernels.py:450: ConvergenceWarning: The optimal value found for dimension 5 of parameter k1__k2__length_scale is close to the specified upper bound 50.0. Increasing the bound and calling fit again may find a better value.
  warnings.warn(
/home/acbraith/projects/rl_game_min/.venv/lib/python3.10/site-packages/sklearn/gaussian_process/kernels.py:440: ConvergenceWarning: The optimal value found for dimension 0 of parameter k2__noise_level is close to the specified lower bound 1e-08. Decreasing the bound and calling fit again may find a better value.
  warnings.warn(
iter 72: best=+1.1384 N=3369 s0=3.82 dt=3.68s
/home/acbraith/projects/rl_game_min/.venv/lib/python3.10/site-packages/sklearn/gaussian_process/kernels.py:450: ConvergenceWarning: The optimal value found for dimension 1 of parameter k1__k2__length_scale is close to the specified upper bound 50.0. Increasing the bound and calling fit again may find a better value.
  warnings.warn(
/home/acbraith/projects/rl_game_min/.venv/lib/python3.10/site-packages/sklearn/gaussian_process/kernels.py:450: ConvergenceWarning: The optimal value found for dimension 2 of parameter k1__k2__length_scale is close to the specified upper bound 50.0. Increasing the bound and calling fit again may find a better value.
  warnings.warn(
/home/acbraith/projects/rl_game_min/.venv/lib/python3.10/site-packages/sklearn/gaussian_process/kernels.py:450: ConvergenceWarning: The optimal value found for dimension 3 of parameter k1__k2__length_scale is close to the specified upper bound 50.0. Increasing the bound and calling fit again may find a better value.
  warnings.warn(
/home/acbraith/projects/rl_game_min/.venv/lib/python3.10/site-packages/sklearn/gaussian_process/kernels.py:450: ConvergenceWarning: The optimal value found for dimension 5 of parameter k1__k2__length_scale is close to the specified upper bound 50.0. Increasing the bound and calling fit again may find a better value.
  warnings.warn(
/home/acbraith/projects/rl_game_min/.venv/lib/python3.10/site-packages/sklearn/gaussian_process/kernels.py:440: ConvergenceWarning: The optimal value found for dimension 0 of parameter k2__noise_level is close to the specified lower bound 1e-08. Decreasing the bound and calling fit again may find a better value.
  warnings.warn(
iter 82: best=+1.1384 N=5341 s0=3.06 dt=12.69s
/home/acbraith/projects/rl_game_min/.venv/lib/python3.10/site-packages/sklearn/gaussian_process/kernels.py:450: ConvergenceWarning: The optimal value found for dimension 1 of parameter k1__k2__length_scale is close to the specified upper bound 50.0. Increasing the bound and calling fit again may find a better value.
  warnings.warn(
/home/acbraith/projects/rl_game_min/.venv/lib/python3.10/site-packages/sklearn/gaussian_process/kernels.py:450: ConvergenceWarning: The optimal value found for dimension 2 of parameter k1__k2__length_scale is close to the specified upper bound 50.0. Increasing the bound and calling fit again may find a better value.
  warnings.warn(
/home/acbraith/projects/rl_game_min/.venv/lib/python3.10/site-packages/sklearn/gaussian_process/kernels.py:450: ConvergenceWarning: The optimal value found for dimension 3 of parameter k1__k2__length_scale is close to the specified upper bound 50.0. Increasing the bound and calling fit again may find a better value.
  warnings.warn(
/home/acbraith/projects/rl_game_min/.venv/lib/python3.10/site-packages/sklearn/gaussian_process/kernels.py:450: ConvergenceWarning: The optimal value found for dimension 5 of parameter k1__k2__length_scale is close to the specified upper bound 50.0. Increasing the bound and calling fit again may find a better value.
  warnings.warn(
/home/acbraith/projects/rl_game_min/.venv/lib/python3.10/site-packages/sklearn/gaussian_process/kernels.py:440: ConvergenceWarning: The optimal value found for dimension 0 of parameter k2__noise_level is close to the specified lower bound 1e-08. Decreasing the bound and calling fit again may find a better value.
  warnings.warn(
iter 92: best=+1.1384 N=2483 s0=4.66 dt=1.67s
done: 96 evals, best=+1.1384
