CFG: melt=0.005 premium=0.75 gamma=1.3 starv=1.6 decay=0.9 cart=20.0 footprint=True
/home/acbraith/projects/rl_game_min/.venv/lib/python3.10/site-packages/sklearn/gaussian_process/kernels.py:450: ConvergenceWarning: The optimal value found for dimension 0 of parameter k1__k2__length_scale is close to the specified upper bound 50.0. Increasing the bound and calling fit again may find a better value.
  warnings.warn(
/home/acbraith/projects/rl_game_min/.venv/lib/python3.10/site-packages/sklearn/gaussian_process/kernels.py:450: ConvergenceWarning: The optimal value found for dimension 1 of parameter k1__k2__length_scale is close to the specified upper bound 50.0. Increasing the bound and calling fit again may find a better value.
  warnings.warn(
/home/acbraith/projects/rl_game_min/.venv/lib/python3.10/site-packages/sklearn/gaussian_process/kernels.py:450: ConvergenceWarning: The optimal value found for dimension 2 of parameter k1__k2__length_scale is close to the specified upper bound 50.0. Increasing the bound and calling fit again may find a better value.
  warnings.warn(
/home/acbraith/projects/rl_game_min/.venv/lib/python3.10/site-packages/sklearn/gaussian_process/kernels.py:450: ConvergenceWarning: The optimal value found for dimension 3 of parameter k1__k2__length_scale is close to the specified upper bound 50.0. Increasing the bound and calling fit again may find a better value.
  warnings.warn(
/home/acbraith/projects/rl_game_min/.venv/lib/python3.10/site-packages/sklearn/gaussian_process/kernels.py:450: ConvergenceWarning: The optimal value found for dimension 6 of parameter k1__k2__length_scale is close to the specified upper bound 50.0. Increasing the bound and calling fit again may find a better value.
  warnings.warn(
/home/acbraith/projects/rl_game_min/.venv/lib/python3.10/site-packages/sklearn/gaussian_process/kernels.py:440: ConvergenceWarning: The optimal value found for dimension 0 of parameter k2__noise_level is close to the specified lower bound 1e-08. Decreasing the bound and calling fit again may find a better value.
  warnings.warn(
/home/acbraith/projects/rl_game_min/.venv/lib/python3.10/site-packages/sklearn/gaussian_process/kernels.py:450: ConvergenceWarning: The optimal value found for dimension 0 of parameter k1__k2__length_scale is close to the specified upper bound 50.0. Increasing the bound and calling fit again may find a better value.
  warnings.warn(
/home/acbraith/projects/rl_game_min/.venv/lib/python3.10/site-packages/sklearn/gaussian_process/kernels.py:450: ConvergenceWarning: The optimal value found for dimension 2 of parameter k1__k2__length_scale is close to the specified upper bound 50.0. Increasing the bound and calling fit again may find a better value.
  warnings.warn(
/home/acbraith/projects/rl_game_min/.venv/lib/python3.10/site-packages/sklearn/gaussian_process/kernels.py:450: ConvergenceWarning: The optimal value found for dimension 3 of parameter k1__k2__length_scale is close to the specified upper bound 50.0. Increasing the bound and calling fit again may find a better value.
  warnings.warn(
/home/acbraith/projects/rl_game_min/.venv/lib/python3.10/site-packages/sklearn/gaussian_process/kernels.py:450: ConvergenceWarning: The optimal value found for dimension 6 of parameter k1__k2__length_scale is close to the specified upper bound 50.0. Increasing the bound and calling fit again may find a better value.
  warnings.warn(
/home/acbraith/projects/rl_game_min/.venv/lib/python3.10/site-packages/sklearn/gaussian_process/kernels.py:440: ConvergenceWarning: The optimal value found for dimension 0 of parameter k2__noise_level is close to the specified lower bound 1e-08. Decreasing the bound and calling fit again may find a better value.
  warnings.warn(
iter 42: best=+1.3306 N=296 s0=4.15 dt=0.02s
/home/acbraith/projects/rl_game_min/.venv/lib/python3.10/site-packages/sklearn/gaussian_process/kernels.py:450: ConvergenceWarning: The optimal value found for dimension 2 of parameter k1__k2__length_scale is close to the specified upper bound 50.0. Increasing the bound and calling fit again may find a better value.
  warnings.warn(
/home/acbraith/projects/rl_game_min/.venv/lib/python3.10/site-packages/sklearn/gaussian_process/kernels.py:450: ConvergenceWarning: The optimal value found for dimension 3 of parameter k1__k2__length_scale is close to the specified upper bound 50.0. Increasing the bound and calling fit again may find a better value.
  warnings.warn(
/home/acbraith/projects/rl_game_min/.venv/lib/python3.10/site-packages/sklearn/gaussian_process/kernels.py:450: ConvergenceWarning: The optimal value found for dimension 6 of parameter k1__k2__length_scale is close to the specified upper bound 50.0. Increasing the bound and calling fit again may find a better value.
  warnings.warn(
/home/acbraith/projects/rl_game_min/.venv/lib/python3.10/site-packages/sklearn/gaussian_process/kernels.py:440: ConvergenceWarning: The optimal value found for dimension 0 of parameter k2__noise_level is close to the specified lower bound 1e-08. Decreasing the bound and calling fit again may find a better value.
  warnings.warn(
iter 52: best=+1.3306 N=396 s0=3.62 dt=0.02s
/home/acbraith/projects/rl_game_min/.venv/lib/python3.10/site-packages/sklearn/gaussian_process/kernels.py:450: ConvergenceWarning: The optimal value found for dimension 0 of parameter k1__k2__length_scale is close to the specified upper bound 50.0. Increasing the bound and calling fit again may find a better value.
  warnings.warn(
/home/acbraith/projects/rl_game_min/.venv/lib/python3.10/site-packages/sklearn/gaussian_process/kernels.py:450: ConvergenceWarning: The optimal value found for dimension 1 of parameter k1__k2__length_scale is close to the specified upper bound 50.0. Increasing the bound and calling fit again may find a better value.
  warnings.warn(
/home/acbraith/projects/rl_game_min/.venv/lib/python3.10/site-packages/sklearn/gaussian_process/kernels.py:450: ConvergenceWarning: The optimal value found for dimension 2 of parameter k1__k2__length_scale is close to the specified upper bound 50.0. Increasing the bound and calling fit again may find a better value.
  warnings.warn(
/home/acbraith/projects/rl_game_min/.venv/lib/python3.10/site-packages/sklearn/gaussian_process/kernels.py:450: ConvergenceWarning: The optimal value found for dimension 3 of parameter k1__k2__length_scale is close to the specified upper bound 50.0. Increasing the bound and calling fit again may find a better value.
  warnings.warn(
/home/acbraith/projects/rl_game_min/.venv/lib/python3.10/site-packages/sklearn/gaussian_process/kernels.py:450: ConvergenceWarning: The optimal value found for dimension 4 of parameter k1__k2__length_scale is close to the specified upper bound 50.0. Increasing the bound and calling fit again may find a better value.
  warnings.warn(
/home/acbraith/projects/rl_game_min/.venv/lib/python3.10/site-packages/sklearn/gaussian_process/kernels.py:450: ConvergenceWarning: The optimal value found for dimension 6 of parameter k1__k2__length_scale is close to the specified upper bound 50.0. Increasing the bound and calling fit again may find a better value.
  warnings.warn(
/home/acbraith/projects/rl_game_min/.venv/lib/python3.10/site-packages/sklearn/gaussian_process/kernels.py:440: ConvergenceWarning: The optimal value found for dimension 0 of parameter k2__noise_level is close to the specified lower bound 1e-08. Decreasing the bound and calling fit again may find a better value.
  warnings.warn(
iter 62: best=+1.3306 N=568 s0=2.85 dt=0.08s
/home/acbraith/projects/rl_game_min/.venv/lib/python3.10/site-packages/sklearn/gaussian_process/kernels.py:450: ConvergenceWarning: The optimal value found for dimension 1 of parameter k1__k2__length_scale is close to the specified upper bound 50.0. Increasing the bound and calling fit again may find a better value.
  warnings.warn(
/home/acbraith/projects/rl_game_min/.venv/lib/python3.10/site-packages/sklearn/gaussian_process/kernels.py:450: ConvergenceWarning: The optimal value found for dimension 2 of parameter k1__k2__length_scale is close to the specified upper bound 50.0. Increasing the bound and calling fit again may find a better value.
  warnings.warn(
/home/acbraith/projects/rl_game_min/.venv/lib/python3.10/site-packages/sklearn/gaussian_process/kernels.py:450: ConvergenceWarning: The optimal value found for dimension 3 of parameter k1__k2__length_scale is close to the specified upper bound 50.0. Increasing the bound and calling fit again may find a better value.
  warnings.warn(
/home/acbraith/projects/rl_game_min/.venv/lib/python3.10/site-packages/sklearn/gaussian_process/kernels.py:440: ConvergenceWarning: The optimal value found for dimension 0 of parameter k2__noise_level is close to the specified lower bound 1e-08. Decreasing the bound and calling fit again may find a better value.
  warnings.warn(
iter 72: best=+1.3306 N=321 s0=3.66 dt=0.02s
done: 80 evals, best=+1.3306
